[debug] [2026-05-07T19:46:18.047Z] ----------------------------------------------------------------------
[debug] [2026-05-07T19:46:18.052Z] Command:       c:\Users\leona\AppData\Local\Programs\cursor\resources\app\resources\helpers\node.exe C:\Users\leona\AppData\Roaming\npm\node_modules\firebase-tools\lib\bin\firebase.js hosting:channel:list --project daysync-f4b1e
[debug] [2026-05-07T19:46:18.054Z] CLI Version:   15.15.0
[debug] [2026-05-07T19:46:18.056Z] Platform:      win32
[debug] [2026-05-07T19:46:18.056Z] Node Version:  v22.22.0
[debug] [2026-05-07T19:46:18.057Z] Time:          Thu May 07 2026 21:46:18 GMT+0200 (Ora legale dell’Europa centrale)
[debug] [2026-05-07T19:46:18.058Z] ----------------------------------------------------------------------
[debug] 
[debug] [2026-05-07T19:46:18.214Z] > command requires scopes: ["email","openid","https://www.googleapis.com/auth/cloudplatformprojects.readonly","https://www.googleapis.com/auth/firebase","https://www.googleapis.com/auth/cloud-platform"]
[debug] [2026-05-07T19:46:18.214Z] > authorizing via signed-in user (leonardo.ragno07@gmail.com)
[debug] [2026-05-07T19:46:18.214Z] [iam] checking project daysync-f4b1e for permissions ["firebase.projects.get","firebasehosting.sites.update"]
[debug] [2026-05-07T19:46:18.215Z] Checked if tokens are valid: true, expires at: 1778185145416
[debug] [2026-05-07T19:46:18.215Z] Checked if tokens are valid: true, expires at: 1778185145416
[debug] [2026-05-07T19:46:18.215Z] >>> [apiv2][query] POST https://cloudresourcemanager.googleapis.com/v1/projects/daysync-f4b1e:testIamPermissions [none]
[debug] [2026-05-07T19:46:18.215Z] >>> [apiv2][(partial)header] POST https://cloudresourcemanager.googleapis.com/v1/projects/daysync-f4b1e:testIamPermissions  x-goog-user-project=daysync-f4b1e
[debug] [2026-05-07T19:46:18.215Z] >>> [apiv2][body] POST https://cloudresourcemanager.googleapis.com/v1/projects/daysync-f4b1e:testIamPermissions {"permissions":["firebase.projects.get","firebasehosting.sites.update"]}
[debug] [2026-05-07T19:46:22.070Z] *** [apiv2] error from fetch(https://cloudresourcemanager.googleapis.com/v1/projects/daysync-f4b1e:testIamPermissions, {"headers":{},"method":"POST","body":"{\"permissions\":[\"firebase.projects.get\",\"firebasehosting.sites.update\"]}"}): FetchError: request to https://cloudresourcemanager.googleapis.com/v1/projects/daysync-f4b1e:testIamPermissions failed, reason: unable to verify the first certificate
[debug] [2026-05-07T19:46:22.071Z] [iam] error while checking permissions, command may fail: Failed to make request to https://cloudresourcemanager.googleapis.com/v1/projects/daysync-f4b1e:testIamPermissions
[debug] [2026-05-07T19:46:22.073Z] Checked if tokens are valid: true, expires at: 1778185145416
[debug] [2026-05-07T19:46:22.073Z] Checked if tokens are valid: true, expires at: 1778185145416
[debug] [2026-05-07T19:46:22.074Z] >>> [apiv2][query] GET https://firebase.googleapis.com/v1beta1/projects/daysync-f4b1e [none]
[debug] [2026-05-07T19:46:25.129Z] *** [apiv2] error from fetch(https://firebase.googleapis.com/v1beta1/projects/daysync-f4b1e, {"headers":{},"method":"GET","signal":{"reason":""}}): FetchError: request to https://firebase.googleapis.com/v1beta1/projects/daysync-f4b1e failed, reason: unable to verify the first certificate
[debug] [2026-05-07T19:46:25.129Z] Failed to make request to https://firebase.googleapis.com/v1beta1/projects/daysync-f4b1e (original: request to https://firebase.googleapis.com/v1beta1/projects/daysync-f4b1e failed, reason: unable to verify the first certificate)
[debug] [2026-05-07T19:46:27.099Z] FirebaseError: Failed to make request to https://firebase.googleapis.com/v1beta1/projects/daysync-f4b1e
    at RetryOperation._fn (C:\Users\leona\AppData\Roaming\npm\node_modules\firebase-tools\lib\apiv2.js:282:31)
    at process.processTicksAndRejections (node:internal/process/task_queues:105:5)
[error] 
[error] Error: Failed to get Firebase project daysync-f4b1e. Please make sure the project exists and your account has permission to access it.
